  Determining projects to restore...
  All projects are up-to-date for restore.
  Core -> C:\github\dotnet-starter-kit\src\BuildingBlocks\Core\bin\Debug\net10.0\FSH.Framework.Core.dll
  Eventing.Abstractions -> C:\github\dotnet-starter-kit\src\BuildingBlocks\Eventing.Abstractions\bin\Debug\net10.0\FSH.Framework.Eventing.Abstractions.dll
  FSH.CLI -> C:\github\dotnet-starter-kit\src\Tools\CLI\bin\Debug\net10.0\FSH.CLI.dll
  Mailing -> C:\github\dotnet-starter-kit\src\BuildingBlocks\Mailing\bin\Debug\net10.0\FSH.Framework.Mailing.dll
  Caching -> C:\github\dotnet-starter-kit\src\BuildingBlocks\Caching\bin\Debug\net10.0\FSH.Framework.Caching.dll
  Shared -> C:\github\dotnet-starter-kit\src\BuildingBlocks\Shared\bin\Debug\net10.0\FSH.Framework.Shared.dll
  Blazor.UI -> C:\github\dotnet-starter-kit\src\BuildingBlocks\Blazor.UI\bin\Debug\net10.0\FSH.Framework.Blazor.UI.dll
  Storage -> C:\github\dotnet-starter-kit\src\BuildingBlocks\Storage\bin\Debug\net10.0\FSH.Framework.Storage.dll
  Modules.Identity.Contracts -> C:\github\dotnet-starter-kit\src\Modules\Identity\Modules.Identity.Contracts\bin\Debug\net10.0\FSH.Modules.Identity.Contracts.dll
  Modules.Multitenancy.Contracts -> C:\github\dotnet-starter-kit\src\Modules\Multitenancy\Modules.Multitenancy.Contracts\bin\Debug\net10.0\FSH.Modules.Multitenancy.Contracts.dll
  Modules.Auditing.Contracts -> C:\github\dotnet-starter-kit\src\Modules\Auditing\Modules.Auditing.Contracts\bin\Debug\net10.0\FSH.Modules.Auditing.Contracts.dll
  Jobs -> C:\github\dotnet-starter-kit\src\BuildingBlocks\Jobs\bin\Debug\net10.0\FSH.Framework.Jobs.dll
  Eventing -> C:\github\dotnet-starter-kit\src\BuildingBlocks\Eventing\bin\Debug\net10.0\FSH.Framework.Eventing.dll
  Persistence -> C:\github\dotnet-starter-kit\src\BuildingBlocks\Persistence\bin\Debug\net10.0\FSH.Framework.Persistence.dll
  Playground.Blazor -> C:\github\dotnet-starter-kit\src\Playground\Playground.Blazor\bin\Debug\net10.0\FSH.Playground.Blazor.dll
  Web -> C:\github\dotnet-starter-kit\src\BuildingBlocks\Web\bin\Debug\net10.0\FSH.Framework.Web.dll
  Modules.Multitenancy -> C:\github\dotnet-starter-kit\src\Modules\Multitenancy\Modules.Multitenancy\bin\Debug\net10.0\FSH.Modules.Multitenancy.dll
  Modules.Identity -> C:\github\dotnet-starter-kit\src\Modules\Identity\Modules.Identity\bin\Debug\net10.0\FSH.Modules.Identity.dll
  Modules.Auditing -> C:\github\dotnet-starter-kit\src\Modules\Auditing\Modules.Auditing\bin\Debug\net10.0\FSH.Modules.Auditing.dll
  Migrations.PostgreSQL -> C:\github\dotnet-starter-kit\src\Playground\Migrations.PostgreSQL\bin\Debug\net10.0\FSH.Playground.Migrations.PostgreSQL.dll
  Identity.Tests -> C:\github\dotnet-starter-kit\src\Tests\Identity.Tests\bin\Debug\net10.0\Identity.Tests.dll
  Multitenancy.Tests -> C:\github\dotnet-starter-kit\src\Tests\Multitenancy.Tests\bin\Debug\net10.0\Multitenancy.Tests.dll
  Generic.Tests -> C:\github\dotnet-starter-kit\src\Tests\Generic.Tests\bin\Debug\net10.0\Generic.Tests.dll
  Auditing.Tests -> C:\github\dotnet-starter-kit\src\Tests\Auditing.Tests\bin\Debug\net10.0\Auditing.Tests.dll
  Playground.Api -> C:\github\dotnet-starter-kit\src\Playground\Playground.Api\bin\Debug\net10.0\FSH.Playground.Api.dll
  FSH.Playground.AppHost -> C:\github\dotnet-starter-kit\src\Playground\FSH.Playground.AppHost\bin\Debug\net10.0\FSH.Playground.AppHost.dll
  Architecture.Tests -> C:\github\dotnet-starter-kit\src\Tests\Architecture.Tests\bin\Debug\net10.0\Architecture.Tests.dll
  Shared.Tests -> C:\github\dotnet-starter-kit\src\Tests\Shared.Tests\bin\Debug\net10.0\Shared.Tests.dll
  Functional.Tests -> C:\github\dotnet-starter-kit\src\Tests\Functional.Tests\bin\Debug\net10.0\Functional.Tests.dll
  Integration.Tests -> C:\github\dotnet-starter-kit\src\Tests\Integration.Tests\bin\Debug\net10.0\Integration.Tests.dll
  Spec.Tests -> C:\github\dotnet-starter-kit\src\Tests\Spec.Tests\bin\Debug\net10.0\Spec.Tests.dll

Build succeeded.
    0 Warning(s)
    0 Error(s)

Time Elapsed 00:00:05.73
